// Jest Snapshot v1, https://goo.gl/fbAQLP

exports[`matches snapshot (prop) 1`] = `
<DocumentFragment>
  <div>
    <div
      class="form-container"
      role="formContainer"
    >
      <form>
        <h2>
          Add User
        </h2>
        <input
          class="input"
          name="name"
          placeholder="Name"
          type="text"
        />
        <input
          class="input"
          name="phone"
          placeholder="Phone"
          type="number"
        />
        <input
          class="input"
          name="email"
          placeholder="Email"
        />
        <button
          class="button"
          role="buttonSubmit"
        >
          Add
        </button>
      </form>
    </div>
    <button
      class="button button-edit"
    >
      Edit users
    </button>
    <div
      class="card-container"
    />
  </div>
</DocumentFragment>
`;
